Godot Engine v4.6.2.stable.mono.official.71f334935 - https://godotengine.org

McpInteractionServer: Listening on 127.0.0.1:9090
